[WS] Uninitialized memory read: $0C056
[WS] Uninitialized memory read: $0C05C
[WS] Uninitialized memory read: $0033D
[WS] Uninitialized memory read: $00338
[WS] Uninitialized memory read: $00334
[WS] Uninitialized memory read: $00207
[WS] Uninitialized memory read: $00208
[WS] Uninitialized memory read: $0022D
[WS] Uninitialized memory read: $0022E
[WS] Uninitialized memory read: $00103
[WS] Uninitialized memory read: $0011A
[WS] Uninitialized memory read: $0012A
[WS] Uninitialized memory read: $00253
[WS] Uninitialized memory read: $00254
[WS] Uninitialized memory read: $00279
[WS] Uninitialized memory read: $0027A
[WS] Uninitialized memory read: $0029F
[WS] Uninitialized memory read: $002A0
[WS] Uninitialized memory read: $00298
[WS] Uninitialized memory read: $0029E
[WS] Uninitialized memory read: $002A8
[WS] Uninitialized memory read: $002A6
[WS] Uninitialized memory read: $002B0
[WS] Uninitialized memory read: $002C5
[WS] Uninitialized memory read: $002C6
[WS] Uninitialized memory read: $002BE
[WS] Uninitialized memory read: $002C4
[WS] Uninitialized memory read: $002CE
[WS] Uninitialized memory read: $002CC
[WS] Uninitialized memory read: $002D6
[WS] Uninitialized memory read: $00104
[WS] Uninitialized memory read: $002EB
[WS] Uninitialized memory read: $002EC
[WS] Uninitialized memory read: $002E4
[WS] Uninitialized memory read: $002EA
[WS] Uninitialized memory read: $002F4
[WS] Uninitialized memory read: $002F2
[WS] Uninitialized memory read: $002FC
[WS] Uninitialized memory read: $002FA
[WS] Uninitialized memory read: $002FD
[WS] Uninitialized memory read: $002FE
[WS] Uninitialized memory read: $002FF
[WS] Uninitialized memory read: $00300
[WS] Uninitialized memory read: $00311
[WS] Uninitialized memory read: $00312
[WS] Uninitialized memory read: $0C01C
[WS] Uninitialized memory read: $00105
[WS] Uninitialized memory read: $0011B
[WS] Uninitialized memory read: $0012B
[WS] Uninitialized memory read: $0C00E
[WS] Uninitialized memory read: $0C028
[WS] Uninitialized memory read: $0245E
[WS] Uninitialized memory read: $02460
[WS] Uninitialized memory read: $02462
[WS] Uninitialized memory read: $02464
[WS] Uninitialized memory read: $02466
[WS] Uninitialized memory read: $02468
[WS] Uninitialized memory read: $0246A
[WS] Uninitialized memory read: $0246C
[WS] Uninitialized memory read: $0246E
[WS] Uninitialized memory read: $02470
[WS] Uninitialized memory read: $02472
[WS] Uninitialized memory read: $02474
[WS] Uninitialized memory read: $02476
[WS] Uninitialized memory read: $02478
[WS] Uninitialized memory read: $0C024
[WS] Uninitialized memory read: $0C030
[WS] Uninitialized memory read: $0C032
[WS] Uninitialized memory read: $01E87
[WS] Uninitialized memory read: $01E88
[WS] Uninitialized memory read: $01E89
[WS] Uninitialized memory read: $01E8A
[WS] Uninitialized memory read: $01E8B
[WS] Uninitialized memory read: $01E8C
[WS] Uninitialized memory read: $01E8D
[WS] Uninitialized memory read: $01E8E
[WS] Uninitialized memory read: $01E8F
[WS] Uninitialized memory read: $01E90
[WS] Uninitialized memory read: $01E91
[WS] Uninitialized memory read: $01E92
[WS] Uninitialized memory read: $01E93
[WS] Uninitialized memory read: $01E94
[WS] Uninitialized memory read: $01E95
[WS] Uninitialized memory read: $01E96
[WS] Uninitialized memory read: $01E97
[WS] Uninitialized memory read: $01E98
[WS] Uninitialized memory read: $01E99
[WS] Uninitialized memory read: $01E9A
[WS] Uninitialized memory read: $0CA96
[WS] Uninitialized memory read: $00106
[WS] Uninitialized memory read: $0011C
[WS] Uninitialized memory read: $00107
[WS] Uninitialized memory read: $00108
[WS] Uninitialized memory read: $0011D
[WS] Uninitialized memory read: $00109
[WS] Uninitialized memory read: $0011E
[WS] Uninitialized memory read: $0CAAD
[WS] Uninitialized memory read: $0EBC8
[WS] Uninitialized memory read: $0CAAE
[WS] Uninitialized memory read: $0010A
[WS] Uninitialized memory read: $0012C
[WS] Uninitialized memory read: $0CAAF
[WS] Uninitialized memory read: $0010B
[WS] Uninitialized memory read: $0011F
[WS] Uninitialized memory read: $0C036
[WS] Uninitialized memory read: $0C03C
[WS] Uninitialized memory read: $0C042
[WS] Uninitialized memory read: $0C048
[WS] Uninitialized memory read: $0C00A
[WS] Uninitialized memory read: $0C00C
[WS] Uninitialized memory read: $0010C
[WS] Uninitialized memory read: $02CA0
[WS] Uninitialized memory read: $02CA2
[WS] Uninitialized memory read: $02CA4
[WS] Uninitialized memory read: $02CA6
[WS] Uninitialized memory read: $02CA8
[WS] Uninitialized memory read: $02CAA
[WS] Uninitialized memory read: $02CAC
[WS] Uninitialized memory read: $02CAE
[WS] Uninitialized memory read: $02CB0
[WS] Uninitialized memory read: $02CB2
[WS] Uninitialized memory read: $02CB4
[WS] Uninitialized memory read: $02CB6
[WS] Uninitialized memory read: $02CB8
[WS] Uninitialized memory read: $02CBA
[WS] Uninitialized memory read: $02CBC
[WS] Uninitialized memory read: $02CBE
[WS] Uninitialized memory read: $02CC0
[WS] Uninitialized memory read: $02CC2
[WS] Uninitialized memory read: $02CC4
[WS] Uninitialized memory read: $02CC6
[WS] Uninitialized memory read: $02CC8
[WS] Uninitialized memory read: $02CCA
[WS] Uninitialized memory read: $02CCC
[WS] Uninitialized memory read: $02CCE
[WS] Uninitialized memory read: $02CD0
[WS] Uninitialized memory read: $02CD2
[WS] Uninitialized memory read: $02CD4
[WS] Uninitialized memory read: $02CD6
[WS] Uninitialized memory read: $02CD8
[WS] Uninitialized memory read: $02CDA
[WS] Uninitialized memory read: $02CDC
[WS] Uninitialized memory read: $02CDE
[WS] Uninitialized memory read: $02CE0
[WS] Uninitialized memory read: $02CE2
[WS] Uninitialized memory read: $02CE4
[WS] Uninitialized memory read: $02CE6
[WS] Uninitialized memory read: $02CE8
[WS] Uninitialized memory read: $02CEA
[WS] Uninitialized memory read: $02CEC
[WS] Uninitialized memory read: $02CEE
[WS] Uninitialized memory read: $02CF0
[WS] Uninitialized memory read: $02CF2
[WS] Uninitialized memory read: $02CF4
[WS] Uninitialized memory read: $02CF6
[WS] Uninitialized memory read: $02CF8
[WS] Uninitialized memory read: $02CFA
[WS] Uninitialized memory read: $02CFC
[WS] Uninitialized memory read: $02CFE
[WS] Uninitialized memory read: $02D00
[WS] Uninitialized memory read: $02D02
[WS] Uninitialized memory read: $02D04
[WS] Uninitialized memory read: $02D06
[WS] Uninitialized memory read: $02D08
[WS] Uninitialized memory read: $02D0A
[WS] Uninitialized memory read: $02D0C
[WS] Uninitialized memory read: $02D0E
[WS] Uninitialized memory read: $02D10
[WS] Uninitialized memory read: $00110
[WS] Uninitialized memory read: $02D12
[WS] Uninitialized memory read: $02D14
[WS] Uninitialized memory read: $02D16
[WS] Uninitialized memory read: $02D18
[WS] Uninitialized memory read: $02D1A
[WS] Uninitialized memory read: $02D1C
[WS] Uninitialized memory read: $02D1E
[WS] Uninitialized memory read: $02D20
[WS] Uninitialized memory read: $02D22
[WS] Uninitialized memory read: $02D24
[WS] Uninitialized memory read: $02D26
[WS] Uninitialized memory read: $02D28
[WS] Uninitialized memory read: $02D2A
[WS] Uninitialized memory read: $02D2C
[WS] Uninitialized memory read: $02D2E
[WS] Uninitialized memory read: $02D30
[WS] Uninitialized memory read: $02D32
[WS] Uninitialized memory read: $02D34
[WS] Uninitialized memory read: $02D36
[WS] Uninitialized memory read: $02D38
[WS] Uninitialized memory read: $02D3A
[WS] Uninitialized memory read: $02D3C
[WS] Uninitialized memory read: $02D3E
[WS] Uninitialized memory read: $02D40
[WS] Uninitialized memory read: $02D42
[WS] Uninitialized memory read: $02D44
[WS] Uninitialized memory read: $02D46
[WS] Uninitialized memory read: $02D48
[WS] Uninitialized memory read: $02D4A
[WS] Uninitialized memory read: $02D4C
[WS] Uninitialized memory read: $02D4E
[WS] Uninitialized memory read: $02D50
[WS] Uninitialized memory read: $02D52
[WS] Uninitialized memory read: $02D54
[WS] Uninitialized memory read: $02D56
[WS] Uninitialized memory read: $02D58
[WS] Uninitialized memory read: $02D5A
[WS] Uninitialized memory read: $02D5C
[WS] Uninitialized memory read: $02D5E
[WS] Uninitialized memory read: $02D60
[WS] Uninitialized memory read: $02D62
[WS] Uninitialized memory read: $02D64
[WS] Uninitialized memory read: $02D66
[WS] Uninitialized memory read: $02D68
[WS] Uninitialized memory read: $02D6A
[WS] Uninitialized memory read: $02D6C
[WS] Uninitialized memory read: $02D6E
[WS] Uninitialized memory read: $02D70
[WS] Uninitialized memory read: $02D72
[WS] Uninitialized memory read: $02D74
[WS] Uninitialized memory read: $02D76
[WS] Uninitialized memory read: $02D78
[WS] Uninitialized memory read: $02D7A
[WS] Uninitialized memory read: $02D7C
[WS] Uninitialized memory read: $02D7E
[WS] Uninitialized memory read: $02D80
[WS] Uninitialized memory read: $02D82
[WS] Uninitialized memory read: $02D84
[WS] Uninitialized memory read: $02D86
[WS] Uninitialized memory read: $02D88
[WS] Uninitialized memory read: $02D8A
[WS] Uninitialized memory read: $02D8C
[WS] Uninitialized memory read: $02D8E
[WS] Uninitialized memory read: $02D90
[WS] Uninitialized memory read: $02D92
[WS] Uninitialized memory read: $02D94
[WS] Uninitialized memory read: $02D96
[WS] Uninitialized memory read: $02D98
[WS] Uninitialized memory read: $02D9A
[WS] Uninitialized memory read: $02D9C
[WS] Uninitialized memory read: $02D9E
[WS] Uninitialized memory read: $02DA0
[WS] Uninitialized memory read: $02DA2
[WS] Uninitialized memory read: $02DA4
[WS] Uninitialized memory read: $02DA6
[WS] Uninitialized memory read: $02DA8
[WS] Uninitialized memory read: $02DAA
[WS] Uninitialized memory read: $02DAC
[WS] Uninitialized memory read: $02DAE
[WS] Uninitialized memory read: $02DB0
[WS] Uninitialized memory read: $02DB2
[WS] Uninitialized memory read: $02DB4
[WS] Uninitialized memory read: $02DB6
[WS] Uninitialized memory read: $02DB8
[WS] Uninitialized memory read: $02DBA
[WS] Uninitialized memory read: $02DBC
[WS] Uninitialized memory read: $02DBE
[WS] Uninitialized memory read: $02DC0
[WS] Uninitialized memory read: $02DC2
[WS] Uninitialized memory read: $02DC4
[WS] Uninitialized memory read: $02DC6
[WS] Uninitialized memory read: $02DC8
[WS] Uninitialized memory read: $02DCA
[WS] Uninitialized memory read: $02DCC
[WS] Uninitialized memory read: $02DCE
[WS] Uninitialized memory read: $02DD0
[WS] Uninitialized memory read: $02DD2
[WS] Uninitialized memory read: $02DD4
[WS] Uninitialized memory read: $02DD6
[WS] Uninitialized memory read: $02DD8
[WS] Uninitialized memory read: $02DDA
[WS] Uninitialized memory read: $02DDC
[WS] Uninitialized memory read: $02DDE
[WS] Uninitialized memory read: $02DE0
[WS] Uninitialized memory read: $02DE2
[WS] Uninitialized memory read: $02DE4
[WS] Uninitialized memory read: $02DE6
[WS] Uninitialized memory read: $02DE8
[WS] Uninitialized memory read: $02DEA
[WS] Uninitialized memory read: $02DEC
[WS] Uninitialized memory read: $02DEE
[WS] Uninitialized memory read: $02DF0
[WS] Uninitialized memory read: $02DF2
[WS] Uninitialized memory read: $02DF4
[WS] Uninitialized memory read: $02DF6
[WS] Uninitialized memory read: $02DF8
[WS] Uninitialized memory read: $02DFA
[WS] Uninitialized memory read: $02DFC
[WS] Uninitialized memory read: $02DFE
[WS] Uninitialized memory read: $0010D
[WS] Uninitialized memory read: $0010E
[WS] Uninitialized memory read: $00111
[WS] Uninitialized memory read: $0010F
[WS] Uninitialized memory read: $00112
[WS] Uninitialized memory read: $0012D
[WS] Uninitialized memory read: $00100
[WS] Uninitialized memory read: $00101
[WS] Uninitialized memory read: $00113
[WS] Uninitialized memory read: $00102
[WS] Uninitialized memory read: $00114
[WS] Uninitialized memory read: $00115
[WS] Uninitialized memory read: $0012E
[WS] Uninitialized memory read: $00116
[WS] Uninitialized memory read: $00117
[WS] Uninitialized memory read: $00118
[WS] Uninitialized memory read: $00119
[WS] Uninitialized memory read: $0012F
[WS] Uninitialized memory read: $00120
[WS] Uninitialized memory read: $00121
[WS] Uninitialized memory read: $00122
[WS] Uninitialized memory read: $00123
[WS] Uninitialized memory read: $00124
[WS] Uninitialized memory read: $00125
[WS] Uninitialized memory read: $00126
[WS] Uninitialized memory read: $00127
[WS] Uninitialized memory read: $00128
[WS] Uninitialized memory read: $00129
[WS] Uninitialized memory read: $00098
[WS] Uninitialized memory read: $0009A
[WS] Uninitialized memory read: $0C04F
[WS] Uninitialized memory read: $0C051
[WS] Uninitialized memory read: $0C053
[WS] Uninitialized memory read: $0C055
[WS] Uninitialized memory read: $002AB
[WS] Uninitialized memory read: $002D1
[WS] Uninitialized memory read: $002F7
[WS] Uninitialized memory read: $00330
[WS] Uninitialized memory read: $00332
[WS] Uninitialized memory read: $00337
[WS] Uninitialized memory read: $002BB
[WS] Uninitialized memory read: $002BC
[WS] Uninitialized memory read: $00299
[WS] Uninitialized memory read: $0029A
[WS] Uninitialized memory read: $0029B
[WS] Uninitialized memory read: $0029C
[WS] Uninitialized memory read: $002A4
[WS] Uninitialized memory read: $002AC
[WS] Uninitialized memory read: $002A9
[WS] Uninitialized memory read: $002E1
[WS] Uninitialized memory read: $002E2
[WS] Uninitialized memory read: $002BF
[WS] Uninitialized memory read: $002C0
[WS] Uninitialized memory read: $002C1
[WS] Uninitialized memory read: $002C2
[WS] Uninitialized memory read: $002CA
[WS] Uninitialized memory read: $002D2
[WS] Uninitialized memory read: $002CF
[WS] Uninitialized memory read: $00307
[WS] Uninitialized memory read: $00308
[WS] Uninitialized memory read: $002E5
[WS] Uninitialized memory read: $002E6
[WS] Uninitialized memory read: $00226
[WS] Uninitialized memory read: $00249
[WS] Uninitialized memory read: $0024A
[WS] Uninitialized memory read: $00227
[WS] Uninitialized memory read: $00228
[WS] Uninitialized memory read: $00229
[WS] Uninitialized memory read: $0022A
[WS] Uninitialized memory read: $00232
[WS] Uninitialized memory read: $0023A
[WS] Uninitialized memory read: $0022C
[WS] Uninitialized memory read: $00239
[WS] Uninitialized memory read: $0CA86
[WS] Uninitialized memory read: $01E43
[WS] Uninitialized memory read: $01E44
[WS] Uninitialized memory read: $01E45
[WS] Uninitialized memory read: $01E46
[WS] Uninitialized memory read: $01E47
[WS] Uninitialized memory read: $01E48
[WS] Uninitialized memory read: $01E49
[WS] Uninitialized memory read: $01E4A
[WS] Uninitialized memory read: $01E4B
[WS] Uninitialized memory read: $01E4C
[WS] Uninitialized memory read: $01E4D
[WS] Uninitialized memory read: $01E4E
[WS] Uninitialized memory read: $01E4F
[WS] Uninitialized memory read: $01E50
[WS] Uninitialized memory read: $01E51
[WS] Uninitialized memory read: $01E52
[WS] Uninitialized memory read: $01E53
[WS] Uninitialized memory read: $01E54
[WS] Uninitialized memory read: $01E55
[WS] Uninitialized memory read: $01E56
[WS] Uninitialized memory read: $01E57
[WS] Uninitialized memory read: $01E58
[WS] Uninitialized memory read: $01E59
[WS] Uninitialized memory read: $01E5A
[WS] Uninitialized memory read: $01E5B
[WS] Uninitialized memory read: $01E5C
[WS] Uninitialized memory read: $01E5D
[WS] Uninitialized memory read: $01E5E
[WS] Uninitialized memory read: $0F335
[WS] Uninitialized memory read: $0F321
[WS] Uninitialized memory read: $0F337
[WS] Uninitialized memory read: $042C9
[WS] Uninitialized memory read: $042CD
[WS] Uninitialized memory read: $042D1
[WS] Uninitialized memory read: $042D5
[WS] Uninitialized memory read: $042D6
[WS] Uninitialized memory read: $042D7
[WS] Uninitialized memory read: $042D9
[WS] Uninitialized memory read: $042DD
[WS] Uninitialized memory read: $01E5F
[WS] Uninitialized memory read: $01E60
[WS] Uninitialized memory read: $042E8
[WS] Uninitialized memory read: $042EC
[WS] Uninitialized memory read: $042F0
[WS] Uninitialized memory read: $042F8
[WS] Uninitialized memory read: $042FC
[WS] Uninitialized memory read: $04641
[WS] Uninitialized memory read: $04645
[WS] Uninitialized memory read: $04646
[WS] Uninitialized memory read: $04647
[WS] Uninitialized memory read: $04660
[WS] Uninitialized memory read: $01E61
[WS] Uninitialized memory read: $01E62
[WS] Uninitialized memory read: $01E63
[WS] Uninitialized memory read: $01E64
[WS] Uninitialized memory read: $01E65
[WS] Uninitialized memory read: $01E66
[WS] Uninitialized memory read: $01E67
[WS] Uninitialized memory read: $01E68
[WS] Uninitialized memory read: $01E69
[WS] Uninitialized memory read: $01E6A
[WS] Uninitialized memory read: $01E6B
[WS] Uninitialized memory read: $01E6C
[WS] Uninitialized memory read: $01E6D
[WS] Uninitialized memory read: $01E6E
[WS] Uninitialized memory read: $0F3A8
[WS] Uninitialized memory read: $0F3A9
[WS] Uninitialized memory read: $0F31E
[WS] Uninitialized memory read: $0F31C
[WS] Uninitialized memory read: $0F322
[WS] Uninitialized memory read: $042E7
[WS] Uninitialized memory read: $04304
[WS] Uninitialized memory read: $04305
[WS] Uninitialized memory read: $042EB
[WS] Uninitialized memory read: $042EF
[WS] Uninitialized memory read: $042F3
[WS] Uninitialized memory read: $042F7
[WS] Uninitialized memory read: $042FB
[WS] Uninitialized memory read: $04318
[WS] Uninitialized memory read: $04319
[WS] Uninitialized memory read: $042FF
[WS] Uninitialized memory read: $04306
[WS] Uninitialized memory read: $0430A
[WS] Uninitialized memory read: $0430E
[WS] Uninitialized memory read: $04312
[WS] Uninitialized memory read: $04316
[WS] Uninitialized memory read: $0431A
[WS] Uninitialized memory read: $04663
[WS] Uninitialized memory read: $04667
[WS] Uninitialized memory read: $0F3AA
[WS] Uninitialized memory read: $0F3AB
[WS] Uninitialized memory read: $0F3AC
[WS] Uninitialized memory read: $0F3AD
[WS] Uninitialized memory read: $0F3AE
[WS] Uninitialized memory read: $0F3AF
[WS] Uninitialized memory read: $0F3B0
[WS] Uninitialized memory read: $0F3B1
[WS] Uninitialized memory read: $0F3B2
[WS] Uninitialized memory read: $0F3B3
[WS] Uninitialized memory read: $0F3B4
[WS] Uninitialized memory read: $0F3B5
[WS] Uninitialized memory read: $04425
[WS] Uninitialized memory read: $0440B
[WS] Uninitialized memory read: $04428
[WS] Uninitialized memory read: $04429
[WS] Uninitialized memory read: $0442D
[WS] Uninitialized memory read: $04431
[WS] Uninitialized memory read: $04435
[WS] Uninitialized memory read: $04439
[WS] Uninitialized memory read: $0443D
[WS] Uninitialized memory read: $047A1
[WS] Uninitialized memory read: $047A5
[WS] Uninitialized memory read: $0F3B6
[WS] Uninitialized memory read: $0F3B7
[WS] Uninitialized memory read: $01E6F
[WS] Uninitialized memory read: $01E70
[WS] Uninitialized memory read: $01E71
[WS] Uninitialized memory read: $01E72
[WS] Uninitialized memory read: $0C0D6
[WS] Uninitialized memory read: $0C0D8
[WS] Uninitialized memory read: $0F318
[WS] Uninitialized memory read: $044A5
[WS] Uninitialized memory read: $044A9
[WS] Uninitialized memory read: $044AD
[WS] Uninitialized memory read: $044AE
[WS] Uninitialized memory read: $044B1
[WS] Uninitialized memory read: $044B2
[WS] Uninitialized memory read: $044B5
[WS] Uninitialized memory read: $044B6
[WS] Uninitialized memory read: $044B9
[WS] Uninitialized memory read: $044BB
[WS] Uninitialized memory read: $044BD
[WS] Uninitialized memory read: $044BF
[WS] Uninitialized memory read: $044C4
[WS] Uninitialized memory read: $044C8
[WS] Uninitialized memory read: $044CC
[WS] Uninitialized memory read: $044D0
[WS] Uninitialized memory read: $044D4
[WS] Uninitialized memory read: $044D8
[WS] Uninitialized memory read: $044DC
[WS] Uninitialized memory read: $04821
[WS] Uninitialized memory read: $04823
[WS] Uninitialized memory read: $04825
[WS] Uninitialized memory read: $04840
[WS] Uninitialized memory read: $04844
[WS] Uninitialized memory read: $044C7
[WS] Uninitialized memory read: $044E4
[WS] Uninitialized memory read: $044E5
[WS] Uninitialized memory read: $044CB
[WS] Uninitialized memory read: $044CE
[WS] Uninitialized memory read: $044D2
[WS] Uninitialized memory read: $044D6
[WS] Uninitialized memory read: $044DA
[WS] Uninitialized memory read: $044DE
[WS] Uninitialized memory read: $044EA
[WS] Uninitialized memory read: $044EE
[WS] Uninitialized memory read: $044F2
[WS] Uninitialized memory read: $044F6
[WS] Uninitialized memory read: $044FA
[WS] Uninitialized memory read: $044FE
[WS] Uninitialized memory read: $04843
[WS] Uninitialized memory read: $04847
[WS] Uninitialized memory read: $04864
[WS] Uninitialized memory read: $04865
[WS] Uninitialized memory read: $04862
[WS] Uninitialized memory read: $04604
[WS] Uninitialized memory read: $04605
[WS] Uninitialized memory read: $045EB
[WS] Uninitialized memory read: $04609
[WS] Uninitialized memory read: $045EF
[WS] Uninitialized memory read: $045F3
[WS] Uninitialized memory read: $045F7
[WS] Uninitialized memory read: $045FB
[WS] Uninitialized memory read: $045FF
[WS] Uninitialized memory read: $0460E
[WS] Uninitialized memory read: $04612
[WS] Uninitialized memory read: $04616
[WS] Uninitialized memory read: $0461A
[WS] Uninitialized memory read: $0461E
[WS] Uninitialized memory read: $04963
[WS] Uninitialized memory read: $04981
[WS] Uninitialized memory read: $04984
[WS] Uninitialized memory read: $04985
[WS] Uninitialized memory read: $0CA9A
[WS] Uninitialized memory read: $0CA99
[WS] Uninitialized memory read: $0CA88
[WS] Uninitialized memory read: $0CA8A
