[WS] Uninitialized memory read: $0C056
[WS] Uninitialized memory read: $0C05C
[WS] Uninitialized memory read: $0033D
[WS] Uninitialized memory read: $00338
[WS] Uninitialized memory read: $00334
[WS] Uninitialized memory read: $00207
[WS] Uninitialized memory read: $00208
[WS] Uninitialized memory read: $0022D
[WS] Uninitialized memory read: $0022E
[WS] Uninitialized memory read: $00101
[WS] Uninitialized memory read: $00118
[WS] Uninitialized memory read: $00121
[WS] Uninitialized memory read: $00253
[WS] Uninitialized memory read: $00254
[WS] Uninitialized memory read: $00279
[WS] Uninitialized memory read: $0027A
[WS] Uninitialized memory read: $00272
[WS] Uninitialized memory read: $00295
[WS] Uninitialized memory read: $00296
[WS] Uninitialized memory read: $00273
[WS] Uninitialized memory read: $00274
[WS] Uninitialized memory read: $00275
[WS] Uninitialized memory read: $00276
[WS] Uninitialized memory read: $00102
[WS] Uninitialized memory read: $00119
[WS] Uninitialized memory read: $0027E
[WS] Uninitialized memory read: $00286
[WS] Uninitialized memory read: $00278
[WS] Uninitialized memory read: $0011A
[WS] Uninitialized memory read: $00122
[WS] Uninitialized memory read: $00103
[WS] Uninitialized memory read: $00285
[WS] Uninitialized memory read: $0029F
[WS] Uninitialized memory read: $002A0
[WS] Uninitialized memory read: $00298
[WS] Uninitialized memory read: $0029E
[WS] Uninitialized memory read: $00104
[WS] Uninitialized memory read: $0011B
[WS] Uninitialized memory read: $00123
[WS] Uninitialized memory read: $002AB
[WS] Uninitialized memory read: $002C5
[WS] Uninitialized memory read: $002C6
[WS] Uninitialized memory read: $002BE
[WS] Uninitialized memory read: $00105
[WS] Uninitialized memory read: $002C4
[WS] Uninitialized memory read: $002D1
[WS] Uninitialized memory read: $0011C
[WS] Uninitialized memory read: $00124
[WS] Uninitialized memory read: $002EB
[WS] Uninitialized memory read: $002EC
[WS] Uninitialized memory read: $002E4
[WS] Uninitialized memory read: $002EA
[WS] Uninitialized memory read: $00106
[WS] Uninitialized memory read: $002F7
[WS] Uninitialized memory read: $00311
[WS] Uninitialized memory read: $00312
[WS] Uninitialized memory read: $0C01C
[WS] Uninitialized memory read: $00107
[WS] Uninitialized memory read: $0011D
[WS] Uninitialized memory read: $00125
[WS] Uninitialized memory read: $0C00E
[WS] Uninitialized memory read: $0C028
[WS] Uninitialized memory read: $018CC
[WS] Uninitialized memory read: $018CE
[WS] Uninitialized memory read: $018D0
[WS] Uninitialized memory read: $018D2
[WS] Uninitialized memory read: $018D4
[WS] Uninitialized memory read: $018D6
[WS] Uninitialized memory read: $018D8
[WS] Uninitialized memory read: $018DA
[WS] Uninitialized memory read: $018DC
[WS] Uninitialized memory read: $018DE
[WS] Uninitialized memory read: $018E0
[WS] Uninitialized memory read: $018E2
[WS] Uninitialized memory read: $018E4
[WS] Uninitialized memory read: $018E6
[WS] Uninitialized memory read: $0C110
[WS] Uninitialized memory read: $0011E
[WS] Uninitialized memory read: $0C0F6
[WS] Uninitialized memory read: $018E8
[WS] Uninitialized memory read: $018EA
[WS] Uninitialized memory read: $018EC
[WS] Uninitialized memory read: $018EE
[WS] Uninitialized memory read: $018F0
[WS] Uninitialized memory read: $018F2
[WS] Uninitialized memory read: $018F4
[WS] Uninitialized memory read: $018F6
[WS] Uninitialized memory read: $018F8
[WS] Uninitialized memory read: $0C136
[WS] Uninitialized memory read: $0C096
[WS] Uninitialized memory read: $0C094
[WS] Uninitialized memory read: $00108
[WS] Uninitialized memory read: $0C010
[WS] Uninitialized memory read: $0C08B
[WS] Uninitialized memory read: $0C08C
[WS] Uninitialized memory read: $0C124
[WS] Uninitialized memory read: $0C125
[WS] Uninitialized memory read: $0EBBE
[WS] Uninitialized memory read: $0C11A
[WS] Uninitialized memory read: $00109
[WS] Uninitialized memory read: $0CBA4
[WS] Uninitialized memory read: $0011F
[WS] Uninitialized memory read: $00126
[WS] Uninitialized memory read: $0CAB7
[WS] Uninitialized memory read: $0CABD
[WS] Uninitialized memory read: $0C084
[WS] Uninitialized memory read: $0CB87
[WS] Uninitialized memory read: $0CD31
[WS] Uninitialized memory read: $0C126
[WS] Uninitialized memory read: $0CFD1
[WS] Uninitialized memory read: $0CFD2
[WS] Uninitialized memory read: $0010A
[WS] Uninitialized memory read: $00110
[WS] Uninitialized memory read: $00127
[WS] Uninitialized memory read: $0F2E0
[WS] Uninitialized memory read: $0F2EE
[WS] Uninitialized memory read: $0F2FC
[WS] Uninitialized memory read: $0F30A
[WS] Uninitialized memory read: $0010B
[WS] Uninitialized memory read: $00111
[WS] Uninitialized memory read: $0C122
[WS] Uninitialized memory read: $0C092
[WS] Uninitialized memory read: $0C112
[WS] Uninitialized memory read: $0C0FC
[WS] Uninitialized memory read: $0C13D
[WS] Uninitialized memory read: $0010C
[WS] Uninitialized memory read: $00128
[WS] Uninitialized memory read: $0C0A9
[WS] Uninitialized memory read: $00112
[WS] Uninitialized memory read: $0C0C1
[WS] Uninitialized memory read: $0010D
[WS] Uninitialized memory read: $00129
[WS] Uninitialized memory read: $0010E
[WS] Uninitialized memory read: $00113
[WS] Uninitialized memory read: $00114
[WS] Uninitialized memory read: $0010F
[WS] Uninitialized memory read: $0012A
[WS] Uninitialized memory read: $00100
[WS] Uninitialized memory read: $00115
[WS] Uninitialized memory read: $0012B
[WS] Uninitialized memory read: $00116
[WS] Uninitialized memory read: $0012C
[WS] Uninitialized memory read: $00117
[WS] Uninitialized memory read: $0012D
[WS] Uninitialized memory read: $0C01E
[WS] Uninitialized memory read: $0012E
[WS] Uninitialized memory read: $018FA
[WS] Uninitialized memory read: $018FC
[WS] Uninitialized memory read: $0D24B
[WS] Uninitialized memory read: $0D24C
[WS] Uninitialized memory read: $0D25F
[WS] Uninitialized memory read: $0D260
[WS] Uninitialized memory read: $0D2AA
[WS] Uninitialized memory read: $0D288
[WS] Uninitialized memory read: $0D259
[WS] Uninitialized memory read: $0D25A
[WS] Uninitialized memory read: $0012F
[WS] Uninitialized memory read: $00120
[WS] Uninitialized memory read: $0D261
[WS] Uninitialized memory read: $0D262
[WS] Uninitialized memory read: $0D252
[WS] Uninitialized memory read: $0D253
[WS] Uninitialized memory read: $0D254
[WS] Uninitialized memory read: $0CB96
[WS] Uninitialized memory read: $0D2BD
[WS] Uninitialized memory read: $0D2BE
[WS] Uninitialized memory read: $0D2D1
[WS] Uninitialized memory read: $0D2D2
[WS] Uninitialized memory read: $0D31C
[WS] Uninitialized memory read: $0D2FA
[WS] Uninitialized memory read: $0D2CB
[WS] Uninitialized memory read: $0D2CC
[WS] Uninitialized memory read: $0D2D3
[WS] Uninitialized memory read: $0D2D4
[WS] Uninitialized memory read: $0D2C4
[WS] Uninitialized memory read: $0D2C5
[WS] Uninitialized memory read: $0D2C6
[WS] Uninitialized memory read: $0CBA0
[WS] Uninitialized memory read: $0D32F
[WS] Uninitialized memory read: $0D330
[WS] Uninitialized memory read: $0D343
[WS] Uninitialized memory read: $0D344
[WS] Uninitialized memory read: $0D38E
[WS] Uninitialized memory read: $0D36C
[WS] Uninitialized memory read: $0D33D
[WS] Uninitialized memory read: $0D33E
[WS] Uninitialized memory read: $0D345
[WS] Uninitialized memory read: $0D346
[WS] Uninitialized memory read: $0D336
[WS] Uninitialized memory read: $0D337
[WS] Uninitialized memory read: $0D338
[WS] Uninitialized memory read: $0CBCA
[WS] Uninitialized memory read: $0D3A1
[WS] Uninitialized memory read: $0D3A2
[WS] Uninitialized memory read: $0D3B5
[WS] Uninitialized memory read: $0D3B6
[WS] Uninitialized memory read: $0D400
[WS] Uninitialized memory read: $0D3DE
[WS] Uninitialized memory read: $0D3AF
[WS] Uninitialized memory read: $0D3B0
[WS] Uninitialized memory read: $0D3B7
[WS] Uninitialized memory read: $0D3B8
[WS] Uninitialized memory read: $0D3A8
[WS] Uninitialized memory read: $0D3A9
[WS] Uninitialized memory read: $0D3AA
[WS] Uninitialized memory read: $0D413
[WS] Uninitialized memory read: $0D414
[WS] Uninitialized memory read: $0D427
[WS] Uninitialized memory read: $0D428
[WS] Uninitialized memory read: $0D472
[WS] Uninitialized memory read: $0D450
[WS] Uninitialized memory read: $0D421
[WS] Uninitialized memory read: $0D422
[WS] Uninitialized memory read: $0D429
[WS] Uninitialized memory read: $0D42A
[WS] Uninitialized memory read: $0D41A
[WS] Uninitialized memory read: $0D41B
[WS] Uninitialized memory read: $0D41C
[WS] Uninitialized memory read: $0D485
[WS] Uninitialized memory read: $0D486
[WS] Uninitialized memory read: $0D499
[WS] Uninitialized memory read: $0D49A
[WS] Uninitialized memory read: $0D4E4
[WS] Uninitialized memory read: $0D4C2
[WS] Uninitialized memory read: $0D493
[WS] Uninitialized memory read: $0D494
[WS] Uninitialized memory read: $0D49B
[WS] Uninitialized memory read: $0D49C
[WS] Uninitialized memory read: $0D48C
[WS] Uninitialized memory read: $0D48D
[WS] Uninitialized memory read: $0D48E
[WS] Uninitialized memory read: $0D569
[WS] Uninitialized memory read: $0D56A
[WS] Uninitialized memory read: $0D648
[WS] Uninitialized memory read: $0D727
[WS] Uninitialized memory read: $0D728
[WS] Uninitialized memory read: $0D806
[WS] Uninitialized memory read: $0D8E5
[WS] Uninitialized memory read: $0D8E6
[WS] Uninitialized memory read: $0D9C4
[WS] Uninitialized memory read: $0DAA3
[WS] Uninitialized memory read: $0DAA4
[WS] Uninitialized memory read: $0DB82
[WS] Uninitialized memory read: $0DC61
[WS] Uninitialized memory read: $0DC62
[WS] Uninitialized memory read: $0DD40
[WS] Uninitialized memory read: $0EB57
[WS] Uninitialized memory read: $0EB58
[WS] Uninitialized memory read: $0E939
[WS] Uninitialized memory read: $0E93A
[WS] Uninitialized memory read: $0E93B
[WS] Uninitialized memory read: $0E93C
[WS] Uninitialized memory read: $0E93D
[WS] Uninitialized memory read: $0E93E
[WS] Uninitialized memory read: $0E93F
[WS] Uninitialized memory read: $0E940
[WS] Uninitialized memory read: $0E941
[WS] Uninitialized memory read: $0E942
[WS] Uninitialized memory read: $0E943
[WS] Uninitialized memory read: $0E944
[WS] Uninitialized memory read: $0E945
[WS] Uninitialized memory read: $0E946
[WS] Uninitialized memory read: $0E947
[WS] Uninitialized memory read: $0E948
[WS] Uninitialized memory read: $0E8A9
[WS] Uninitialized memory read: $0E8AA
[WS] Uninitialized memory read: $0E8AB
[WS] Uninitialized memory read: $0E8AC
[WS] Uninitialized memory read: $0E8AD
[WS] Uninitialized memory read: $0E8AE
[WS] Uninitialized memory read: $0E8AF
[WS] Uninitialized memory read: $0E8B0
[WS] Uninitialized memory read: $0E8B1
[WS] Uninitialized memory read: $0E8B2
[WS] Uninitialized memory read: $0E8B3
[WS] Uninitialized memory read: $0E8B4
[WS] Uninitialized memory read: $0E8B5
[WS] Uninitialized memory read: $0E8B6
[WS] Uninitialized memory read: $0E8B7
[WS] Uninitialized memory read: $0E8B8
[WS] Uninitialized memory read: $0EBA2
[WS] Uninitialized memory read: $0DE1F
[WS] Uninitialized memory read: $0DE20
[WS] Uninitialized memory read: $0DEAD
[WS] Uninitialized memory read: $0DEAE
[WS] Uninitialized memory read: $0DF3B
[WS] Uninitialized memory read: $0DF3C
[WS] Uninitialized memory read: $0DFC9
[WS] Uninitialized memory read: $0DFCA
[WS] Uninitialized memory read: $0E057
[WS] Uninitialized memory read: $0E058
[WS] Uninitialized memory read: $0E0E5
[WS] Uninitialized memory read: $0E0E6
[WS] Uninitialized memory read: $0E173
[WS] Uninitialized memory read: $0E174
[WS] Uninitialized memory read: $0E201
[WS] Uninitialized memory read: $0E202
[WS] Uninitialized memory read: $0E28F
[WS] Uninitialized memory read: $0E290
[WS] Uninitialized memory read: $0E31D
[WS] Uninitialized memory read: $0E31E
[WS] Uninitialized memory read: $0E3AB
[WS] Uninitialized memory read: $0E3AC
[WS] Uninitialized memory read: $0E439
[WS] Uninitialized memory read: $0E43A
[WS] Uninitialized memory read: $0E4C7
[WS] Uninitialized memory read: $0E4C8
[WS] Uninitialized memory read: $0E555
[WS] Uninitialized memory read: $0E556
[WS] Uninitialized memory read: $0E5E3
[WS] Uninitialized memory read: $0E5E4
[WS] Uninitialized memory read: $0E671
[WS] Uninitialized memory read: $0E672
[WS] Uninitialized memory read: $0E6FF
[WS] Uninitialized memory read: $0E700
[WS] Uninitialized memory read: $0E78D
[WS] Uninitialized memory read: $0E78E
[WS] Uninitialized memory read: $0C02C
[WS] Uninitialized memory read: $0C02E
[WS] Uninitialized memory read: $0C03C
[WS] Uninitialized memory read: $0C042
[WS] Uninitialized memory read: $0C048
[WS] Uninitialized memory read: $02478
[WS] Uninitialized memory read: $0C00A
[WS] Uninitialized memory read: $0C00C
[WS] Uninitialized memory read: $0CA76
[WS] Uninitialized memory read: $0CA74
[WS] Uninitialized memory read: $0ED90
[WS] Uninitialized memory read: $0EDB2
[WS] Uninitialized memory read: $0EDD4
[WS] Uninitialized memory read: $0EDF6
[WS] Uninitialized memory read: $0EE18
[WS] Uninitialized memory read: $0EE3A
[WS] Uninitialized memory read: $0EE5C
[WS] Uninitialized memory read: $0EE7E
[WS] Uninitialized memory read: $0EEA0
[WS] Uninitialized memory read: $0EEC2
[WS] Uninitialized memory read: $0EEE4
[WS] Uninitialized memory read: $0EF06
[WS] Uninitialized memory read: $0EF28
[WS] Uninitialized memory read: $0EF4A
[WS] Uninitialized memory read: $0EF6C
[WS] Uninitialized memory read: $0EF8E
[WS] Uninitialized memory read: $0EFB0
[WS] Uninitialized memory read: $0EFD2
[WS] Uninitialized memory read: $0EFF4
[WS] Uninitialized memory read: $0F016
[WS] Uninitialized memory read: $0F038
[WS] Uninitialized memory read: $0F05A
[WS] Uninitialized memory read: $0F07C
[WS] Uninitialized memory read: $0F09E
[WS] Uninitialized memory read: $0F0C0
[WS] Uninitialized memory read: $0F0E2
[WS] Uninitialized memory read: $0F104
[WS] Uninitialized memory read: $0F126
[WS] Uninitialized memory read: $0F148
[WS] Uninitialized memory read: $0F16A
[WS] Uninitialized memory read: $0F18C
[WS] Uninitialized memory read: $0F1AE
[WS] Uninitialized memory read: $0F1D0
[WS] Uninitialized memory read: $0F1F2
[WS] Uninitialized memory read: $0F214
[WS] Uninitialized memory read: $0F236
[WS] Uninitialized memory read: $0F258
[WS] Uninitialized memory read: $0F27A
[WS] Uninitialized memory read: $0F29C
[WS] Uninitialized memory read: $0F2BE
[WS] Uninitialized memory read: $0C03E
[WS] Uninitialized memory read: $0D49F
[WS] Uninitialized memory read: $0D48B
[WS] Uninitialized memory read: $0C01A
[WS] Uninitialized memory read: $0D4AA
[WS] Uninitialized memory read: $0D349
[WS] Uninitialized memory read: $0D335
[WS] Uninitialized memory read: $0D354
[WS] Uninitialized memory read: $0C09E
[WS] Uninitialized memory read: $0D2D7
[WS] Uninitialized memory read: $0D2C3
[WS] Uninitialized memory read: $0D2E2
[WS] Uninitialized memory read: $0D3BB
[WS] Uninitialized memory read: $0D3A7
[WS] Uninitialized memory read: $0D3C6
[WS] Uninitialized memory read: $00090
[WS] Uninitialized memory read: $00092
[WS] Uninitialized memory read: $0D42D
[WS] Uninitialized memory read: $0D419
[WS] Uninitialized memory read: $0D438
[WS] Uninitialized memory read: $0D265
[WS] Uninitialized memory read: $0D251
[WS] Uninitialized memory read: $0D270
[WS] Uninitialized memory read: $00098
[WS] Uninitialized memory read: $0009A
[WS] Uninitialized memory read: $0C04F
[WS] Uninitialized memory read: $0C051
[WS] Uninitialized memory read: $0C053
[WS] Uninitialized memory read: $0C055
[WS] Uninitialized memory read: $002BB
[WS] Uninitialized memory read: $002BC
[WS] Uninitialized memory read: $00299
[WS] Uninitialized memory read: $0029A
[WS] Uninitialized memory read: $0029B
[WS] Uninitialized memory read: $0029C
[WS] Uninitialized memory read: $002A4
[WS] Uninitialized memory read: $002AC
[WS] Uninitialized memory read: $002E1
[WS] Uninitialized memory read: $002E2
[WS] Uninitialized memory read: $002BF
[WS] Uninitialized memory read: $002C0
[WS] Uninitialized memory read: $002C1
[WS] Uninitialized memory read: $002C2
[WS] Uninitialized memory read: $002CA
[WS] Uninitialized memory read: $002D2
[WS] Uninitialized memory read: $00307
[WS] Uninitialized memory read: $00308
[WS] Uninitialized memory read: $002E5
[WS] Uninitialized memory read: $002E6
[WS] Uninitialized memory read: $0CAD7
[WS] Uninitialized memory read: $0CAD8
[WS] Uninitialized memory read: $0F3D4
[WS] Uninitialized memory read: $0F3D6
[WS] Uninitialized memory read: $0F31C
[WS] Uninitialized memory read: $0F31E
[WS] Uninitialized memory read: $0C07C
[WS] Uninitialized memory read: $02D1C
[WS] Uninitialized memory read: $02D1E
[WS] Uninitialized memory read: $02D20
[WS] Uninitialized memory read: $02D22
[WS] Uninitialized memory read: $02D24
[WS] Uninitialized memory read: $02D26
[WS] Uninitialized memory read: $02D28
[WS] Uninitialized memory read: $02D2A
[WS] Uninitialized memory read: $02D2C
[WS] Uninitialized memory read: $02D2E
[WS] Uninitialized memory read: $02D30
[WS] Uninitialized memory read: $02D32
[WS] Uninitialized memory read: $02D34
[WS] Uninitialized memory read: $02D36
[WS] Uninitialized memory read: $02D38
[WS] Uninitialized memory read: $02D3A
[WS] Uninitialized memory read: $02D3C
[WS] Uninitialized memory read: $02D3E
[WS] Uninitialized memory read: $02D40
[WS] Uninitialized memory read: $02D42
[WS] Uninitialized memory read: $02D44
[WS] Uninitialized memory read: $02D46
[WS] Uninitialized memory read: $02D48
[WS] Uninitialized memory read: $02D4A
[WS] Uninitialized memory read: $02D4C
[WS] Uninitialized memory read: $02D4E
[WS] Uninitialized memory read: $02D50
[WS] Uninitialized memory read: $02D52
[WS] Uninitialized memory read: $02D54
[WS] Uninitialized memory read: $02D56
[WS] Uninitialized memory read: $02D58
[WS] Uninitialized memory read: $02D5A
[WS] Uninitialized memory read: $02D5C
[WS] Uninitialized memory read: $02D5E
[WS] Uninitialized memory read: $02D60
[WS] Uninitialized memory read: $02D62
[WS] Uninitialized memory read: $02D64
[WS] Uninitialized memory read: $02D66
[WS] Uninitialized memory read: $02D68
[WS] Uninitialized memory read: $02D6A
[WS] Uninitialized memory read: $02D6C
[WS] Uninitialized memory read: $02D6E
[WS] Uninitialized memory read: $02D70
[WS] Uninitialized memory read: $02D72
[WS] Uninitialized memory read: $02D74
[WS] Uninitialized memory read: $02D76
[WS] Uninitialized memory read: $02D78
[WS] Uninitialized memory read: $02D7A
[WS] Uninitialized memory read: $02D7C
[WS] Uninitialized memory read: $02D7E
[WS] Uninitialized memory read: $02D80
[WS] Uninitialized memory read: $02D82
[WS] Uninitialized memory read: $02D84
[WS] Uninitialized memory read: $02D86
[WS] Uninitialized memory read: $02D88
[WS] Uninitialized memory read: $02D8A
[WS] Uninitialized memory read: $02D8C
[WS] Uninitialized memory read: $02D8E
[WS] Uninitialized memory read: $02D90
[WS] Uninitialized memory read: $02D92
[WS] Uninitialized memory read: $02D94
[WS] Uninitialized memory read: $02D96
[WS] Uninitialized memory read: $02D98
[WS] Uninitialized memory read: $02D9A
[WS] Uninitialized memory read: $02D9C
[WS] Uninitialized memory read: $02D9E
[WS] Uninitialized memory read: $02DA0
[WS] Uninitialized memory read: $02DA2
[WS] Uninitialized memory read: $02DA4
[WS] Uninitialized memory read: $02DA6
[WS] Uninitialized memory read: $02DA8
[WS] Uninitialized memory read: $02DAA
[WS] Uninitialized memory read: $02DAC
[WS] Uninitialized memory read: $02DAE
[WS] Uninitialized memory read: $02DB0
[WS] Uninitialized memory read: $02DB2
[WS] Uninitialized memory read: $02DB4
[WS] Uninitialized memory read: $02DB6
[WS] Uninitialized memory read: $02DB8
[WS] Uninitialized memory read: $02DBA
[WS] Uninitialized memory read: $02DBC
[WS] Uninitialized memory read: $02DBE
[WS] Uninitialized memory read: $02DC0
[WS] Uninitialized memory read: $02DC2
[WS] Uninitialized memory read: $02DC4
[WS] Uninitialized memory read: $02DC6
[WS] Uninitialized memory read: $02DC8
[WS] Uninitialized memory read: $02DCA
[WS] Uninitialized memory read: $02DCC
[WS] Uninitialized memory read: $02DCE
[WS] Uninitialized memory read: $02DD0
[WS] Uninitialized memory read: $02DD2
[WS] Uninitialized memory read: $02DD4
[WS] Uninitialized memory read: $02DD6
[WS] Uninitialized memory read: $02DD8
[WS] Uninitialized memory read: $02DDA
[WS] Uninitialized memory read: $02DDC
[WS] Uninitialized memory read: $02DDE
[WS] Uninitialized memory read: $02DE0
[WS] Uninitialized memory read: $02DE2
[WS] Uninitialized memory read: $02DE4
[WS] Uninitialized memory read: $02DE6
[WS] Uninitialized memory read: $02DE8
[WS] Uninitialized memory read: $02DEA
[WS] Uninitialized memory read: $02DEC
[WS] Uninitialized memory read: $02DEE
[WS] Uninitialized memory read: $02DF0
[WS] Uninitialized memory read: $02DF2
[WS] Uninitialized memory read: $02DF4
[WS] Uninitialized memory read: $02DF6
[WS] Uninitialized memory read: $02DF8
[WS] Uninitialized memory read: $02DFA
[WS] Uninitialized memory read: $02DFC
[WS] Uninitialized memory read: $02DFE
[WS] Uninitialized memory read: $0C024
[WS] Uninitialized memory read: $0C030
[WS] Uninitialized memory read: $0C032
[WS] Uninitialized memory read: $01EA9
[WS] Uninitialized memory read: $01EAA
[WS] Uninitialized memory read: $01EAB
[WS] Uninitialized memory read: $01EAC
[WS] Uninitialized memory read: $01EAD
[WS] Uninitialized memory read: $01EAE
[WS] Uninitialized memory read: $01EAF
[WS] Uninitialized memory read: $01EB0
[WS] Uninitialized memory read: $01EB1
[WS] Uninitialized memory read: $01EB2
[WS] Uninitialized memory read: $01EB3
[WS] Uninitialized memory read: $01EB4
[WS] Uninitialized memory read: $01EB5
[WS] Uninitialized memory read: $01EB6
[WS] Uninitialized memory read: $01EB7
[WS] Uninitialized memory read: $01EB8
[WS] Uninitialized memory read: $01EB9
[WS] Uninitialized memory read: $01EBA
[WS] Uninitialized memory read: $01EBB
[WS] Uninitialized memory read: $01EBC
[WS] Uninitialized memory read: $0D1B0
[WS] Uninitialized memory read: $0C0F2
[WS] Uninitialized memory read: $0C149
[WS] Uninitialized memory read: $0C006
[WS] Uninitialized memory read: $0D025
[WS] Uninitialized memory read: $0D026
[WS] Uninitialized memory read: $0D027
[WS] Uninitialized memory read: $0D028
[WS] Uninitialized memory read: $0D029
[WS] Uninitialized memory read: $0D02A
[WS] Uninitialized memory read: $0D02B
[WS] Uninitialized memory read: $0D02C
[WS] Uninitialized memory read: $0CBB2
[WS] Uninitialized memory read: $0C0CC
[WS] Uninitialized memory read: $0C14A
[WS] Uninitialized memory read: $0C0BA
[WS] Uninitialized memory read: $0F3D5
[WS] Uninitialized memory read: $0F3D7
[WS] Uninitialized memory read: $00330
[WS] Uninitialized memory read: $00332
[WS] Uninitialized memory read: $00337
[WS] Uninitialized memory read: $002E7
[WS] Uninitialized memory read: $002E8
[WS] Uninitialized memory read: $002F0
[WS] Uninitialized memory read: $002F8
[WS] Uninitialized memory read: $00335
[WS] Uninitialized memory read: $00336
[WS] Uninitialized memory read: $002A2
[WS] Uninitialized memory read: $002C8
[WS] Uninitialized memory read: $002EE
[WS] Uninitialized memory read: $0C04A
[WS] Uninitialized memory read: $007AD
[WS] Uninitialized memory read: $007AE
[WS] Uninitialized memory read: $007AF
[WS] Uninitialized memory read: $007B0
[WS] Uninitialized memory read: $007B1
[WS] Uninitialized memory read: $007B2
[WS] Uninitialized memory read: $007B3
[WS] Uninitialized memory read: $007B4
[WS] Uninitialized memory read: $007B5
[WS] Uninitialized memory read: $007B6
[WS] Uninitialized memory read: $007B7
[WS] Uninitialized memory read: $007B8
[WS] Uninitialized memory read: $007B9
[WS] Uninitialized memory read: $007BA
[WS] Uninitialized memory read: $007BB
[WS] Uninitialized memory read: $007BC
[WS] Uninitialized memory read: $007BD
[WS] Uninitialized memory read: $007BE
[WS] Uninitialized memory read: $007BF
[WS] Uninitialized memory read: $007C0
[WS] Uninitialized memory read: $0CAC8
[WS] Uninitialized memory read: $0CACA
[WS] Uninitialized memory read: $0CACD
[WS] Uninitialized memory read: $0CACE
[WS] Uninitialized memory read: $0CACF
[WS] Uninitialized memory read: $0CAD0
[WS] Uninitialized memory read: $0EBC0
[WS] Uninitialized memory read: $0F318
[WS] Uninitialized memory read: $0CAC7
[WS] Uninitialized memory read: $0CAAA
[WS] Uninitialized memory read: $0F31B
[WS] Uninitialized memory read: $0CAC3
[WS] Uninitialized memory read: $0CAC4
[WS] Uninitialized memory read: $0CAC5
[WS] Uninitialized memory read: $0CAC6
[WS] Uninitialized memory read: $0D24D
[WS] Uninitialized memory read: $0D24E
[WS] Uninitialized memory read: $0D2BF
[WS] Uninitialized memory read: $0D2C0
[WS] Uninitialized memory read: $0D331
[WS] Uninitialized memory read: $0D332
[WS] Uninitialized memory read: $0D3A3
[WS] Uninitialized memory read: $0D3A4
[WS] Uninitialized memory read: $0D415
[WS] Uninitialized memory read: $0D416
[WS] Uninitialized memory read: $0D487
[WS] Uninitialized memory read: $0D488
[WS] Uninitialized memory read: $0D4F7
[WS] Uninitialized memory read: $0D4F8
[WS] Uninitialized memory read: $0DE81
[WS] Uninitialized memory read: $0DE82
[WS] Uninitialized memory read: $0F31A
[WS] Uninitialized memory read: $0F332
[WS] Uninitialized memory read: $002E3
[WS] Uninitialized memory read: $0FF80
[WS] Uninitialized memory read: $0FF82
[WS] Uninitialized memory read: $0FF84
[WS] Uninitialized memory read: $0FF86
[WS] Uninitialized memory read: $0FF88
[WS] Uninitialized memory read: $0FF8A
[WS] Uninitialized memory read: $0FF8C
[WS] Uninitialized memory read: $0FF8E
[WS] Uninitialized memory read: $0FF90
[WS] Uninitialized memory read: $0FF92
[WS] Uninitialized memory read: $0FF94
[WS] Uninitialized memory read: $0FF96
[WS] Uninitialized memory read: $0FF98
[WS] Uninitialized memory read: $0FF9A
[WS] Uninitialized memory read: $0FF9C
[WS] Uninitialized memory read: $0FF9E
[WS] Uninitialized memory read: $0FFA0
[WS] Uninitialized memory read: $0FFA2
[WS] Uninitialized memory read: $0FFA4
[WS] Uninitialized memory read: $0FFA6
[WS] Uninitialized memory read: $0FFA8
[WS] Uninitialized memory read: $0FFAA
[WS] Uninitialized memory read: $0FFAC
[WS] Uninitialized memory read: $0FFAE
[WS] Uninitialized memory read: $0FFB0
[WS] Uninitialized memory read: $0FFB2
[WS] Uninitialized memory read: $0FFB4
[WS] Uninitialized memory read: $0FFB6
[WS] Uninitialized memory read: $0FFB8
[WS] Uninitialized memory read: $0FFBA
[WS] Uninitialized memory read: $0FFBC
[WS] Uninitialized memory read: $0FFBE
[WS] Uninitialized memory read: $0FFC0
[WS] Uninitialized memory read: $0FFC2
[WS] Uninitialized memory read: $0FFC4
[WS] Uninitialized memory read: $0FFC6
[WS] Uninitialized memory read: $0FFC8
[WS] Uninitialized memory read: $0FFCA
[WS] Uninitialized memory read: $0FFCC
[WS] Uninitialized memory read: $0FFCE
[WS] Uninitialized memory read: $0FFD0
[WS] Uninitialized memory read: $0FFD2
[WS] Uninitialized memory read: $0FFD4
[WS] Uninitialized memory read: $0FFD6
[WS] Uninitialized memory read: $0FFD8
[WS] Uninitialized memory read: $0FFDA
[WS] Uninitialized memory read: $0FFDC
[WS] Uninitialized memory read: $0FFDE
[WS] Uninitialized memory read: $0FFE0
[WS] Uninitialized memory read: $0FFE2
[WS] Uninitialized memory read: $0FFE4
[WS] Uninitialized memory read: $0FFE6
[WS] Uninitialized memory read: $0FFE8
[WS] Uninitialized memory read: $0FFEA
[WS] Uninitialized memory read: $0FFEC
[WS] Uninitialized memory read: $0FFEE
[WS] Uninitialized memory read: $0FFF0
[WS] Uninitialized memory read: $0FFF2
[WS] Uninitialized memory read: $0FFF4
[WS] Uninitialized memory read: $0FFF6
[WS] Uninitialized memory read: $0FFF8
[WS] Uninitialized memory read: $0FFFA
[WS] Uninitialized memory read: $0FFFC
[WS] Uninitialized memory read: $0FFFE
[WS] Uninitialized memory read: $0C044
